[monolithic-points] goal: /mnt/scratch/GrokStudyCodex/Traces_Compression/workspaces/grok/N16/analysis/output.goal
[monolithic-points] comm_dep: /mnt/scratch/SC_Tracing_final_scratch_rerun_20260627/grok/output/grok_n16/monolithic_regen/comm_dep.csv
[monolithic-points] latencies: 0.0, 4000.0, 10000.0, 250000.0, 500000.0, 1000000.0
[INFO] Generating dependency graph for LogGP model...
[INFO] Parsed 1000000 lines in the goal file.
[INFO] Parsed 2000000 lines in the goal file.
[INFO] Parsed 3000000 lines in the goal file.
[INFO] Parsed 4000000 lines in the goal file.
[INFO] Parsed 5000000 lines in the goal file.
[INFO] Parsed 6000000 lines in the goal file.
[INFO] Parsed 7000000 lines in the goal file.
[INFO] Parsed 8000000 lines in the goal file.
[INFO] Parsed 9000000 lines in the goal file.
[INFO] Parsed 10000000 lines in the goal file.
[INFO] Parsed 11000000 lines in the goal file.
[INFO] Parsed 12000000 lines in the goal file.
[INFO] Parsed 13000000 lines in the goal file.
[INFO] Parsed 14000000 lines in the goal file.
[INFO] Parsed 15000000 lines in the goal file.
[INFO] Parsed 16000000 lines in the goal file.
[INFO] Parsed 17000000 lines in the goal file.
[INFO] Parsed 18000000 lines in the goal file.
[INFO] Parsed 19000000 lines in the goal file.
[WARNING] The number of starting vertices (320) differs from the number of ranks (64). Connecting all starting vertices to a dummy root.
[monolithic-points] graph vertices=8512334 edges=12647238 ranks=64 built_in=223.0s rss_mb=4304.94140625
[INFO] Using LogGP, o: 200.0
Set parameter WLSAccessID
Set parameter WLSSecret
Set parameter LicenseID to value 2718569
Academic license 2718569 - for non-commercial use only - registered to to___@inf.ethz.ch
[INFO] Time unit: ns
Set parameter LogToConsole to value 0
[monolithic-points] model vars=3042236 constraints=7177520 built_in=490.9s rss_mb=7231.7578125
[monolithic-points] L=0 status=2 runtime_ns=8236857085.12 solve_s=10.03
[monolithic-points] L=4000 status=2 runtime_ns=8236869085.12 solve_s=7.15
[monolithic-points] L=10000 status=2 runtime_ns=8236887085.12 solve_s=8.49
[monolithic-points] L=250000 status=2 runtime_ns=8237607085.12 solve_s=25.30
[monolithic-points] L=500000 status=2 runtime_ns=8238357085.12 solve_s=6.52
[monolithic-points] L=1e+06 status=2 runtime_ns=8240613038.2 solve_s=8.40
[monolithic-points] wrote /mnt/scratch/SC_Tracing_final_scratch_rerun_20260627/grok/output/grok_n16/monolithic_multi_latency/sweeps/full_runtime.csv
[monolithic-points] wrote /mnt/scratch/SC_Tracing_final_scratch_rerun_20260627/grok/output/grok_n16/monolithic_multi_latency/sweeps/full_runtime.csv.json
	Command being timed: "timeout 43200 python3 pipeline/run_monolithic_points.py --goal /mnt/scratch/SC_Tracing_final_scratch_rerun_20260627/grok/workspaces/grok/N16/analysis/output.goal --comm-dep /mnt/scratch/SC_Tracing_final_scratch_rerun_20260627/grok/output/grok_n16/monolithic_regen/comm_dep.csv --out /mnt/scratch/SC_Tracing_final_scratch_rerun_20260627/grok/output/grok_n16/monolithic_multi_latency/sweeps/full_runtime.csv --latencies 0 4000 10000 250000 500000 1000000 --l-intra 350 --o 200 --G 0.04"
	User time (seconds): 564.71
	System time (seconds): 14.33
	Percent of CPU this job got: 102%
	Elapsed (wall clock) time (h:mm:ss or m:ss): 9:26.30
	Average shared text size (kbytes): 0
	Average unshared data size (kbytes): 0
	Average stack size (kbytes): 0
	Average total size (kbytes): 0
	Maximum resident set size (kbytes): 12029296
	Average resident set size (kbytes): 0
	Major (requiring I/O) page faults: 0
	Minor (reclaiming a frame) page faults: 6347727
	Voluntary context switches: 38095
	Involuntary context switches: 1468
	Swaps: 0
	File system inputs: 0
	File system outputs: 24
	Socket messages sent: 0
	Socket messages received: 0
	Signals delivered: 0
	Page size (bytes): 4096
	Exit status: 0
