[monolithic-points] goal: /mnt/scratch/GrokStudyCodex/Traces_Compression/workspaces/grok/N4/analysis/output.goal
[monolithic-points] comm_dep: /mnt/scratch/SC_Tracing_final_scratch_rerun_20260627/grok/output/grok_n4/monolithic_regen/comm_dep.csv
[monolithic-points] latencies: 0.0, 4000.0, 10000.0, 250000.0, 500000.0, 1000000.0
[INFO] Generating dependency graph for LogGP model...
[INFO] Parsed 1000000 lines in the goal file.
[INFO] Parsed 2000000 lines in the goal file.
[INFO] Parsed 3000000 lines in the goal file.
[INFO] Parsed 4000000 lines in the goal file.
[INFO] Parsed 5000000 lines in the goal file.
[INFO] Parsed 6000000 lines in the goal file.
[INFO] Parsed 7000000 lines in the goal file.
[INFO] Parsed 8000000 lines in the goal file.
[WARNING] The number of starting vertices (64) differs from the number of ranks (16). Connecting all starting vertices to a dummy root.
[monolithic-points] graph vertices=3666526 edges=4980486 ranks=16 built_in=93.5s rss_mb=2168.0078125
[INFO] Using LogGP, o: 200.0
Set parameter WLSAccessID
Set parameter WLSSecret
Set parameter LicenseID to value 2718569
Academic license 2718569 - for non-commercial use only - registered to to___@inf.ethz.ch
[INFO] Time unit: ns
Set parameter LogToConsole to value 0
[monolithic-points] model vars=1018316 constraints=2332352 built_in=193.7s rss_mb=3016.3828125
[monolithic-points] L=0 status=2 runtime_ns=6057369088.719999 solve_s=3.03
[monolithic-points] L=4000 status=2 runtime_ns=6057441088.719999 solve_s=17.06
[monolithic-points] L=10000 status=2 runtime_ns=6057549088.719999 solve_s=8.22
[monolithic-points] L=250000 status=2 runtime_ns=6061869088.719999 solve_s=37.92
[monolithic-points] L=500000 status=2 runtime_ns=6066369088.719999 solve_s=2.03
[monolithic-points] L=1e+06 status=2 runtime_ns=6075369088.719999 solve_s=2.10
[monolithic-points] wrote /mnt/scratch/SC_Tracing_final_scratch_rerun_20260627/grok/output/grok_n4/monolithic_multi_latency/sweeps/full_runtime.csv
[monolithic-points] wrote /mnt/scratch/SC_Tracing_final_scratch_rerun_20260627/grok/output/grok_n4/monolithic_multi_latency/sweeps/full_runtime.csv.json
	Command being timed: "timeout 43200 python3 pipeline/run_monolithic_points.py --goal /mnt/scratch/SC_Tracing_final_scratch_rerun_20260627/grok/workspaces/grok/N4/analysis/output.goal --comm-dep /mnt/scratch/SC_Tracing_final_scratch_rerun_20260627/grok/output/grok_n4/monolithic_regen/comm_dep.csv --out /mnt/scratch/SC_Tracing_final_scratch_rerun_20260627/grok/output/grok_n4/monolithic_multi_latency/sweeps/full_runtime.csv --latencies 0 4000 10000 250000 500000 1000000 --l-intra 350 --o 200 --G 0.04"
	User time (seconds): 275.99
	System time (seconds): 5.16
	Percent of CPU this job got: 104%
	Elapsed (wall clock) time (h:mm:ss or m:ss): 4:28.77
	Average shared text size (kbytes): 0
	Average unshared data size (kbytes): 0
	Average stack size (kbytes): 0
	Average total size (kbytes): 0
	Maximum resident set size (kbytes): 5159712
	Average resident set size (kbytes): 0
	Major (requiring I/O) page faults: 0
	Minor (reclaiming a frame) page faults: 1723272
	Voluntary context switches: 18072
	Involuntary context switches: 858
	Swaps: 0
	File system inputs: 0
	File system outputs: 24
	Socket messages sent: 0
	Socket messages received: 0
	Signals delivered: 0
	Page size (bytes): 4096
	Exit status: 0
