[monolithic-points] goal: /mnt/scratch/GrokStudyCodex/Traces_Compression/workspaces/grok/N32/analysis/output.goal
[monolithic-points] comm_dep: /mnt/scratch/SC_Tracing_final_scratch_rerun_20260627/grok/output/grok_n32/monolithic_regen/comm_dep.csv
[monolithic-points] latencies: 0.0, 4000.0, 10000.0, 250000.0, 500000.0, 1000000.0
[INFO] Generating dependency graph for LogGP model...
[INFO] Parsed 1000000 lines in the goal file.
[INFO] Parsed 2000000 lines in the goal file.
[INFO] Parsed 3000000 lines in the goal file.
[INFO] Parsed 4000000 lines in the goal file.
[INFO] Parsed 5000000 lines in the goal file.
[INFO] Parsed 6000000 lines in the goal file.
[INFO] Parsed 7000000 lines in the goal file.
[INFO] Parsed 8000000 lines in the goal file.
[INFO] Parsed 9000000 lines in the goal file.
[INFO] Parsed 10000000 lines in the goal file.
[INFO] Parsed 11000000 lines in the goal file.
[INFO] Parsed 12000000 lines in the goal file.
[INFO] Parsed 13000000 lines in the goal file.
[INFO] Parsed 14000000 lines in the goal file.
[INFO] Parsed 15000000 lines in the goal file.
[INFO] Parsed 16000000 lines in the goal file.
[INFO] Parsed 17000000 lines in the goal file.
[INFO] Parsed 18000000 lines in the goal file.
[INFO] Parsed 19000000 lines in the goal file.
[INFO] Parsed 20000000 lines in the goal file.
[INFO] Parsed 21000000 lines in the goal file.
[INFO] Parsed 22000000 lines in the goal file.
[INFO] Parsed 23000000 lines in the goal file.
[INFO] Parsed 24000000 lines in the goal file.
[INFO] Parsed 25000000 lines in the goal file.
[INFO] Parsed 26000000 lines in the goal file.
[INFO] Parsed 27000000 lines in the goal file.
[INFO] Parsed 28000000 lines in the goal file.
[INFO] Parsed 29000000 lines in the goal file.
[INFO] Parsed 30000000 lines in the goal file.
[INFO] Parsed 31000000 lines in the goal file.
[INFO] Parsed 32000000 lines in the goal file.
[INFO] Parsed 33000000 lines in the goal file.
[INFO] Parsed 34000000 lines in the goal file.
[INFO] Parsed 35000000 lines in the goal file.
[INFO] Parsed 36000000 lines in the goal file.
[INFO] Parsed 37000000 lines in the goal file.
[INFO] Parsed 38000000 lines in the goal file.
[INFO] Parsed 39000000 lines in the goal file.
[INFO] Parsed 40000000 lines in the goal file.
[INFO] Parsed 41000000 lines in the goal file.
[INFO] Parsed 42000000 lines in the goal file.
[INFO] Parsed 43000000 lines in the goal file.
[INFO] Parsed 44000000 lines in the goal file.
[INFO] Parsed 45000000 lines in the goal file.
[INFO] Parsed 46000000 lines in the goal file.
[INFO] Parsed 47000000 lines in the goal file.
[INFO] Parsed 48000000 lines in the goal file.
[INFO] Parsed 49000000 lines in the goal file.
[INFO] Parsed 50000000 lines in the goal file.
[INFO] Parsed 51000000 lines in the goal file.
[INFO] Parsed 52000000 lines in the goal file.
[INFO] Parsed 53000000 lines in the goal file.
[INFO] Parsed 54000000 lines in the goal file.
[INFO] Parsed 55000000 lines in the goal file.
[INFO] Parsed 56000000 lines in the goal file.
[INFO] Parsed 57000000 lines in the goal file.
[INFO] Parsed 58000000 lines in the goal file.
[INFO] Parsed 59000000 lines in the goal file.
[INFO] Parsed 60000000 lines in the goal file.
[INFO] Parsed 61000000 lines in the goal file.
[INFO] Parsed 62000000 lines in the goal file.
[INFO] Parsed 63000000 lines in the goal file.
[INFO] Parsed 64000000 lines in the goal file.
[INFO] Parsed 65000000 lines in the goal file.
[INFO] Parsed 66000000 lines in the goal file.
[INFO] Parsed 67000000 lines in the goal file.
[INFO] Parsed 68000000 lines in the goal file.
[INFO] Parsed 69000000 lines in the goal file.
[INFO] Parsed 70000000 lines in the goal file.
[INFO] Parsed 71000000 lines in the goal file.
[INFO] Parsed 72000000 lines in the goal file.
[INFO] Parsed 73000000 lines in the goal file.
[INFO] Parsed 74000000 lines in the goal file.
[INFO] Parsed 75000000 lines in the goal file.
[INFO] Parsed 76000000 lines in the goal file.
[INFO] Parsed 77000000 lines in the goal file.
[INFO] Parsed 78000000 lines in the goal file.
[INFO] Parsed 79000000 lines in the goal file.
[INFO] Parsed 80000000 lines in the goal file.
[WARNING] The number of starting vertices (640) differs from the number of ranks (128). Connecting all starting vertices to a dummy root.
[monolithic-points] graph vertices=35242350 edges=53195238 ranks=128 built_in=976.5s rss_mb=16868.9765625
[INFO] Using LogGP, o: 200.0
Set parameter WLSAccessID
Set parameter WLSSecret
Set parameter LicenseID to value 2718569
Academic license 2718569 - for non-commercial use only - registered to to___@inf.ethz.ch
[INFO] Time unit: ns
Set parameter LogToConsole to value 0
[monolithic-points] model vars=13416956 constraints=31370608 built_in=2262.7s rss_mb=29584.9296875
[monolithic-points] L=0 status=2 runtime_ns=8095930766.36 solve_s=48.57
[monolithic-points] L=4000 status=2 runtime_ns=8095966766.36 solve_s=32.44
[monolithic-points] L=10000 status=2 runtime_ns=8096020766.36 solve_s=35.46
[monolithic-points] L=250000 status=2 runtime_ns=8098489444.599999 solve_s=335.49
[monolithic-points] L=500000 status=2 runtime_ns=8102749011.76 solve_s=34.83
[monolithic-points] L=1e+06 status=2 runtime_ns=8117232628.68 solve_s=417.13
[monolithic-points] wrote /mnt/scratch/SC_Tracing_final_scratch_rerun_20260627/grok/output/grok_n32/monolithic_multi_latency/sweeps/full_runtime.csv
[monolithic-points] wrote /mnt/scratch/SC_Tracing_final_scratch_rerun_20260627/grok/output/grok_n32/monolithic_multi_latency/sweeps/full_runtime.csv.json
	Command being timed: "timeout 43200 python3 pipeline/run_monolithic_points.py --goal /mnt/scratch/SC_Tracing_final_scratch_rerun_20260627/grok/workspaces/grok/N32/analysis/output.goal --comm-dep /mnt/scratch/SC_Tracing_final_scratch_rerun_20260627/grok/output/grok_n32/monolithic_regen/comm_dep.csv --out /mnt/scratch/SC_Tracing_final_scratch_rerun_20260627/grok/output/grok_n32/monolithic_multi_latency/sweeps/full_runtime.csv --latencies 0 4000 10000 250000 500000 1000000 --l-intra 350 --o 200 --G 0.04"
	User time (seconds): 3125.26
	System time (seconds): 94.00
	Percent of CPU this job got: 100%
	Elapsed (wall clock) time (h:mm:ss or m:ss): 53:24.66
	Average shared text size (kbytes): 0
	Average unshared data size (kbytes): 0
	Average stack size (kbytes): 0
	Average total size (kbytes): 0
	Maximum resident set size (kbytes): 51575696
	Average resident set size (kbytes): 0
	Major (requiring I/O) page faults: 0
	Minor (reclaiming a frame) page faults: 54270369
	Voluntary context switches: 282597
	Involuntary context switches: 5289
	Swaps: 0
	File system inputs: 0
	File system outputs: 88
	Socket messages sent: 0
	Socket messages received: 0
	Signals delivered: 0
	Page size (bytes): 4096
	Exit status: 0
