[monolithic-points] goal: /mnt/scratch/GrokStudyCodex/Traces_Compression/workspaces/grok/N8/analysis/output.goal
[monolithic-points] comm_dep: /mnt/scratch/SC_Tracing_final_scratch_rerun_20260627/grok/output/grok_n8/monolithic_regen/comm_dep.csv
[monolithic-points] latencies: 0.0, 4000.0, 10000.0, 250000.0, 500000.0, 1000000.0
[INFO] Generating dependency graph for LogGP model...
[INFO] Parsed 1000000 lines in the goal file.
[INFO] Parsed 2000000 lines in the goal file.
[INFO] Parsed 3000000 lines in the goal file.
[INFO] Parsed 4000000 lines in the goal file.
[INFO] Parsed 5000000 lines in the goal file.
[INFO] Parsed 6000000 lines in the goal file.
[INFO] Parsed 7000000 lines in the goal file.
[INFO] Parsed 8000000 lines in the goal file.
[WARNING] The number of starting vertices (128) differs from the number of ranks (32). Connecting all starting vertices to a dummy root.
[monolithic-points] graph vertices=4061600 edges=5576960 ranks=32 built_in=102.3s rss_mb=2364.29296875
[INFO] Using LogGP, o: 200.0
Set parameter WLSAccessID
Set parameter WLSSecret
Set parameter LicenseID to value 2718569
Academic license 2718569 - for non-commercial use only - registered to to___@inf.ethz.ch
[INFO] Time unit: ns
Set parameter LogToConsole to value 0
[monolithic-points] model vars=1164004 constraints=2679520 built_in=216.6s rss_mb=3322.03515625
[monolithic-points] L=0 status=2 runtime_ns=4983863043.199998 solve_s=3.51
[monolithic-points] L=4000 status=2 runtime_ns=4984083043.199998 solve_s=6.49
[monolithic-points] L=10000 status=2 runtime_ns=4984413043.199998 solve_s=6.64
[monolithic-points] L=250000 status=2 runtime_ns=4997831427.239999 solve_s=25.50
[monolithic-points] L=500000 status=2 runtime_ns=5011831427.239999 solve_s=2.31
[monolithic-points] L=1e+06 status=2 runtime_ns=5039831427.239999 solve_s=2.42
[monolithic-points] wrote /mnt/scratch/SC_Tracing_final_scratch_rerun_20260627/grok/output/grok_n8/monolithic_multi_latency/sweeps/full_runtime.csv
[monolithic-points] wrote /mnt/scratch/SC_Tracing_final_scratch_rerun_20260627/grok/output/grok_n8/monolithic_multi_latency/sweeps/full_runtime.csv.json
	Command being timed: "timeout 43200 python3 pipeline/run_monolithic_points.py --goal /mnt/scratch/SC_Tracing_final_scratch_rerun_20260627/grok/workspaces/grok/N8/analysis/output.goal --comm-dep /mnt/scratch/SC_Tracing_final_scratch_rerun_20260627/grok/output/grok_n8/monolithic_regen/comm_dep.csv --out /mnt/scratch/SC_Tracing_final_scratch_rerun_20260627/grok/output/grok_n8/monolithic_multi_latency/sweeps/full_runtime.csv --latencies 0 4000 10000 250000 500000 1000000 --l-intra 350 --o 200 --G 0.04"
	User time (seconds): 275.06
	System time (seconds): 5.98
	Percent of CPU this job got: 104%
	Elapsed (wall clock) time (h:mm:ss or m:ss): 4:28.38
	Average shared text size (kbytes): 0
	Average unshared data size (kbytes): 0
	Average stack size (kbytes): 0
	Average total size (kbytes): 0
	Maximum resident set size (kbytes): 5823124
	Average resident set size (kbytes): 0
	Major (requiring I/O) page faults: 0
	Minor (reclaiming a frame) page faults: 2198071
	Voluntary context switches: 17287
	Involuntary context switches: 689
	Swaps: 0
	File system inputs: 0
	File system outputs: 16
	Socket messages sent: 0
	Socket messages received: 0
	Signals delivered: 0
	Page size (bytes): 4096
	Exit status: 0
